10.213.255.254;[AS-pas-connu]
194.199.227.254;[AS2200]
10.3.7.25;[AS-pas-connu]
193.55.200.8;[AS2200]
193.51.180.181;[AS2200]
193.51.177.236;[AS2200]
193.51.177.16;[AS2200]
193.51.180.62;[AS2200]
193.51.177.27;[AS2200]
100.125.8.1;[AS-pas-connu]
185.29.50.193;[AS21351]
154.67.2.47;[AS21351]
100.124.8.1;[AS-pas-connu]
100.124.8.2;[AS-pas-connu]
inconnu;[AS-pas-connu]
194.199.73.55;[AS2470]
